MO pdl_based_switch NULL pdl_based_switch.v vlg67/pdl__based__switch.bin 1384938204
MO PDL_PUF NULL PDL_PUF.v vlg12/_p_d_l___p_u_f.bin 1384938204
MO mapping NULL mapping3.v vlg58/mapping.bin 1384938204
MO transmitter NULL transmitter.v vlg3D/transmitter.bin 1384935592
MO system NULL system.v vlg19/system.bin 1384938204
MO receiver NULL receiver.v vlg61/receiver.bin 1384935592
MO pdl_block NULL pdl_block.v vlg2A/pdl__block.bin 1384938204
MO pufMapping NULL pufMapping.v vlg2B/puf_mapping.bin 1384938204
