#-----------------------------------------------------------
# PlanAhead v13.3 (64-bit)
# Build 147507 by hdbuild on Tue Oct  4 19:13:50 MDT 2011
# Start of session at: Tue Nov 12 20:59:11 2013
# Process ID: 4012
# Log file: E:/Dropbox/Works and collections/Elec/Rice/Joonho/codes/dual_core_PUF_with_PDL_and_ethernet/planAhead_run_3/planAhead.log
# Journal file: E:/Dropbox/Works and collections/Elec/Rice/Joonho/codes/dual_core_PUF_with_PDL_and_ethernet/planAhead_run_3/planAhead.jou
#-----------------------------------------------------------
start_gui
source {E:/Dropbox/Works and collections/Elec/Rice/Joonho/codes/dual_core_PUF_with_PDL_and_ethernet/pa.fromNetlist.tcl}
startgroup
set_property loc SLICE_X55Y132 [get_cells tm/a_0]
set_property bel DFF [get_cells tm/a_0]
endgroup
startgroup
set_property loc SLICE_X55Y131 [get_cells tm/b_0]
set_property bel DFF [get_cells tm/b_0]
endgroup
startgroup
set_property loc SLICE_X56Y132 [get_cells tm/PUF/a_0]
set_property bel DFF [get_cells tm/PUF/a_0]
endgroup
startgroup
set_property loc SLICE_X56Y131 [get_cells tm/PUF/b_0]
set_property bel DFF [get_cells tm/PUF/b_0]
endgroup
exit
stop_gui
